# command: mise exec -- mix hex.audit
# native process exit code: 1
Advisories:
  req 0.5.17 - EEF-CVE-2026-49756 (LOW)
    aka: CVE-2026-49756, GHSA-px9f-whj3-246m
    Multipart form-data header injection in Req via unescaped name/filename/content_type
    https://osv.dev/vulnerability/EEF-CVE-2026-49756

  req 0.5.17 - EEF-CVE-2026-49755 (HIGH)
    aka: CVE-2026-49755, GHSA-655f-mp8p-96gv
    Decompression bomb DoS in Req via auto-decoded archive and compressed response bodies
    https://osv.dev/vulnerability/EEF-CVE-2026-49755

  postgrex 0.22.3 - EEF-CVE-2026-66838 (MEDIUM)
    aka: CVE-2026-66838, GHSA-3gww-3f36-2388
    SQL injection via the :comment option in Postgrex.stream/4
    https://osv.dev/vulnerability/EEF-CVE-2026-66838

  bandit 1.10.3 - EEF-CVE-2026-42788 (MEDIUM)
    aka: CVE-2026-42788, GHSA-q6v9-r226-v65f
    HTTP/2 frame size limit checked after body is buffered in bandit
    https://osv.dev/vulnerability/EEF-CVE-2026-42788

  bandit 1.10.3 - EEF-CVE-2026-39805 (MEDIUM)
    aka: CVE-2026-39805, GHSA-c67r-gc9j-2qf7
    CL.CL HTTP request smuggling via duplicate Content-Length in bandit
    https://osv.dev/vulnerability/EEF-CVE-2026-39805

  bandit 1.10.3 - EEF-CVE-2026-39807 (MEDIUM)
    aka: CVE-2026-39807, GHSA-375f-4r2h-f99j
    Client-supplied URI scheme trusted without transport verification in bandit
    https://osv.dev/vulnerability/EEF-CVE-2026-39807

  bandit 1.10.3 - EEF-CVE-2026-39804 (HIGH)
    aka: CVE-2026-39804, GHSA-frh3-6pv6-rc8j
    WebSocket permessage-deflate inflate has no output-size cap in bandit
    https://osv.dev/vulnerability/EEF-CVE-2026-39804

  bandit 1.10.3 - EEF-CVE-2026-42786 (HIGH)
    aka: CVE-2026-42786, GHSA-pf94-94m9-536p
    WebSocket fragmented message reassembly unbounded in bandit
    https://osv.dev/vulnerability/EEF-CVE-2026-42786

  bandit 1.10.3 - EEF-CVE-2026-39806 (HIGH)
    aka: CVE-2026-39806, GHSA-rf5q-vwxw-gmrf
    HTTP/1 chunked decoder infinite loop on requests with trailer fields in bandit
    https://osv.dev/vulnerability/EEF-CVE-2026-39806

  bandit 1.10.3 - EEF-CVE-2026-39803 (HIGH)
    aka: CVE-2026-39803, GHSA-9q9q-324x-93r2
    HTTP/1 chunked body reader ignores length cap in bandit
    https://osv.dev/vulnerability/EEF-CVE-2026-39803

  bandit 1.10.3 - EEF-CVE-2026-74836 (HIGH)
    aka: CVE-2026-74836, GHSA-xj8g-532w-jv94
    HTTP/2 connection-window starvation pins Plug processes indefinitely in Bandit
    https://osv.dev/vulnerability/EEF-CVE-2026-74836

  bandit 1.10.3 - EEF-CVE-2026-75484 (MEDIUM)
    aka: CVE-2026-75484, GHSA-x3gh-xhj4-3vq8
    HTTP/2 header field values containing CR, LF or NUL are passed to the application unvalidated in Bandit
    https://osv.dev/vulnerability/EEF-CVE-2026-75484

  plug 1.19.1 - EEF-CVE-2026-54892 (HIGH)
    aka: CVE-2026-54892, GHSA-j43x-5hjq-rgxf
    Plug: quadratic-time decoding of nested query/body parameters enables denial of service
    https://osv.dev/vulnerability/EEF-CVE-2026-54892

  plug 1.19.1 - EEF-CVE-2026-8468 (HIGH)
    aka: CVE-2026-8468, GHSA-468c-vq7p-gh64
    Unbounded buffer accumulation in multipart header parsing causes denial of service in plug
    https://osv.dev/vulnerability/EEF-CVE-2026-8468

  plug 1.19.1 - EEF-CVE-2026-56813 (LOW)
    aka: CVE-2026-56813, GHSA-wpmj-jh88-rpgm
    Cookie attribute injection in Plug.Conn.Cookies.encode/2
    https://osv.dev/vulnerability/EEF-CVE-2026-56813

  plug 1.19.1 - EEF-CVE-2026-56814 (MEDIUM)
    aka: CVE-2026-56814, GHSA-95qv-c9g9-rm63
    Plug: multipart :length limit is not charged for part headers, enabling unbounded temp-file creation (denial of service)
    https://osv.dev/vulnerability/EEF-CVE-2026-56814

  mint 1.7.1 - EEF-CVE-2026-82672 (MEDIUM)
    aka: CVE-2026-82672, GHSA-rj5m-69wp-cxq9
    Unvalidated chunk-size line tail in Mint HTTP/1 client enables response smuggling against strict intermediaries on pooled connections
    https://osv.dev/vulnerability/EEF-CVE-2026-82672

  mint 1.7.1 - EEF-CVE-2026-49754 (HIGH)
    aka: CVE-2026-49754, GHSA-2p26-p43x-fhp8
    HTTP/2 CONTINUATION flood in Mint client via unbounded header-block accumulation
    https://osv.dev/vulnerability/EEF-CVE-2026-49754

  mint 1.7.1 - EEF-CVE-2026-48861 (LOW)
    aka: CVE-2026-48861, GHSA-2pg6-44cx-c49v
    CRLF injection in HTTP/1 request line via unvalidated method in Mint
    https://osv.dev/vulnerability/EEF-CVE-2026-48861

  mint 1.7.1 - EEF-CVE-2026-48862 (HIGH)
    aka: CVE-2026-48862, GHSA-g586-ccqf-7x4r
    Unbounded conn.streams growth in Mint HTTP/2 client via unenforced PUSH_PROMISE concurrency
    https://osv.dev/vulnerability/EEF-CVE-2026-48862

  mint 1.7.1 - EEF-CVE-2026-49753 (MEDIUM)
    aka: CVE-2026-49753, GHSA-mjqx-c6f6-7rc2
    HTTP response smuggling in Mint HTTP/1 client via lenient Content-Length parsing
    https://osv.dev/vulnerability/EEF-CVE-2026-49753

  mint 1.7.1 - EEF-CVE-2026-91043 (HIGH)
    aka: CVE-2026-91043, GHSA-9x8p-qrf4-jq7g
    HPACK-indexed cookie fields in Mint HTTP/2 responses bypass max_header_list_size and exhaust client memory
    https://osv.dev/vulnerability/EEF-CVE-2026-91043

  mint 1.7.1 - EEF-CVE-2026-58229 (HIGH)
    aka: CVE-2026-58229, GHSA-qrfr-wh4c-3qhw
    Unbounded HTTP/1 response-header and chunked-trailer accumulation in Mint causes memory-exhaustion DoS
    https://osv.dev/vulnerability/EEF-CVE-2026-58229

  mint 1.7.1 - EEF-CVE-2026-92103 (MEDIUM)
    aka: CVE-2026-92103, GHSA-q95c-ccq6-j5j6
    Mint HTTP/2 client buffers oversized frames up to 16 MiB before enforcing max_frame_size
    https://osv.dev/vulnerability/EEF-CVE-2026-92103

  mint 1.7.1 - EEF-CVE-2026-94194 (MEDIUM)
    aka: CVE-2026-94194, GHSA-gvrc-75rc-7gj9
    Mint HTTP/1 client applies chunked framing when chunked is not the final transfer coding, enabling response smuggling through intermediaries
    https://osv.dev/vulnerability/EEF-CVE-2026-94194

  mint 1.7.1 - EEF-CVE-2026-59246 (MEDIUM)
    aka: CVE-2026-59246, GHSA-8pf6-g464-h6h9
    Zero-length HTTP/2 CONTINUATION frames bypass Mint's header-block byte-size cap and exhaust client memory
    https://osv.dev/vulnerability/EEF-CVE-2026-59246

  mint 1.7.1 - EEF-CVE-2026-56810 (HIGH)
    aka: CVE-2026-56810, GHSA-c59h-fq4p-r36r
    mint buffers an entire chunked response chunk in memory in Mint.HTTP1.decode_body/5
    https://osv.dev/vulnerability/EEF-CVE-2026-56810

  mint 1.7.1 - EEF-CVE-2026-82728 (HIGH)
    aka: CVE-2026-82728, GHSA-g83f-2j6r-q6m4
    Unbounded HTTP/1 status-line and chunk-extension buffering in Mint causes memory-exhaustion DoS
    https://osv.dev/vulnerability/EEF-CVE-2026-82728

  mint 1.7.1 - EEF-CVE-2026-59249 (MEDIUM)
    aka: CVE-2026-59249, GHSA-x3x7-96vm-6h2w
    Sign-tolerant HTTP/1 chunk-size parser in Mint enables response smuggling against strict intermediaries on pooled connections
    https://osv.dev/vulnerability/EEF-CVE-2026-59249

  lazy_html 0.1.10 - EEF-CVE-2026-92106 (LOW)
    aka: CVE-2026-92106, GHSA-8rqp-v692-v82q
    lazy_html serializes SVG and MathML style and script text unescaped, allowing mutation XSS
    https://osv.dev/vulnerability/EEF-CVE-2026-92106

  phoenix_live_view 1.1.25 - EEF-CVE-2026-64941 (LOW)
    aka: CVE-2026-64941, GHSA-36m4-rm57-3prf
    Open redirect in Phoenix.LiveView.validate_local_url!/2 via ASCII tab, LF and CR
    https://osv.dev/vulnerability/EEF-CVE-2026-64941

  decimal 2.3.0 - EEF-CVE-2026-32686 (MEDIUM)
    aka: CVE-2026-32686, GHSA-rhv4-8758-jx7v
    Unbounded exponent in decimal enables unauthenticated DoS
    https://osv.dev/vulnerability/EEF-CVE-2026-32686

  hpax 1.0.3 - EEF-CVE-2026-58226 (HIGH)
    aka: CVE-2026-58226, GHSA-jj2p-32j7-whj2
    Unauthenticated denial-of-service via unbounded HPACK integer decoding in hpax
    https://osv.dev/vulnerability/EEF-CVE-2026-58226

  phoenix 1.8.4 - EEF-CVE-2026-56811 (HIGH)
    aka: CVE-2026-56811, GHSA-6983-jfq8-485w
    Phoenix transports do not limit channel joins per connection, enabling process-exhaustion denial of service
    https://osv.dev/vulnerability/EEF-CVE-2026-56811

  phoenix 1.8.4 - EEF-CVE-2026-32689 (HIGH)
    aka: CVE-2026-32689, GHSA-628h-q48j-jr6q
    Long-poll NDJSON body splitting causes unbounded memory allocation in Phoenix
    https://osv.dev/vulnerability/EEF-CVE-2026-32689

  phoenix 1.8.4 - EEF-CVE-2026-56812 (MEDIUM)
    aka: CVE-2026-56812, GHSA-63mc-hw7g-86rr
    Phoenix JavaScript presence client crashes on presence keys colliding with Object.prototype members in Presence.syncState/syncDiff
    https://osv.dev/vulnerability/EEF-CVE-2026-56812

Found packages with security advisories
