# command: mise exec -- mix deps.update bandit plug hpax mint req phoenix phoenix_live_view postgrex decimal lazy_html ecto solid jason finch
# native process exit code: 0
Resolving Hex dependencies...
Resolution completed in 0.115s
Unchanged:
  bunt 1.0.0
  cc_precompiler 0.1.11
  credo 1.7.16
  date_time_parser 1.3.0
  db_connection 2.10.2
  dialyxir 1.4.7
  erlex 0.2.8
  file_system 1.1.1
  finch 0.21.0
  floki 0.38.0
  kday 1.1.0
  mime 2.0.7
  nimble_options 1.1.1
  nimble_pool 1.1.0
  phoenix_html 4.3.0
  websock 0.5.3
  yamerl 0.10.0
  yaml_elixir 2.12.0
Upgraded:
  bandit 1.10.3 => 1.12.5
  decimal 2.3.0 => 3.1.1 (major)
  ecto 3.13.5 => 3.13.6
  elixir_make 0.9.0 => 0.10.0 (minor)
  fine 0.1.4 => 0.1.6
  hpax 1.0.3 => 1.0.4
  jason 1.4.4 => 1.4.5
  lazy_html 0.1.10 => 0.1.13
  mint 1.7.1 => 1.10.2
  phoenix 1.8.4 => 1.8.9
  phoenix_live_view 1.1.25 => 1.1.33
  phoenix_pubsub 2.2.0 => 2.3.0
  phoenix_template 1.0.4 => 1.1.0
  plug 1.19.1 => 1.19.5
  plug_crypto 2.1.1 => 2.2.0
  postgrex 0.22.3 => 0.22.4
  req 0.5.17 => 0.6.3 (minor)
  solid 1.2.2 => 1.3.4
  telemetry 1.3.0 => 1.4.2
  thousand_island 1.4.3 => 1.5.0
  websock_adapter 0.5.9 => 0.6.0 (minor)
* Updating bandit (Hex package)
* Updating lazy_html (Hex package)
* Updating phoenix (Hex package)
* Updating phoenix_live_view (Hex package)
* Updating req (Hex package)
* Updating jason (Hex package)
* Updating solid (Hex package)
* Updating ecto (Hex package)
* Updating postgrex (Hex package)
* Updating plug (Hex package)
* Updating hpax (Hex package)
* Updating mint (Hex package)
* Updating decimal (Hex package)
* Updating telemetry (Hex package)
* Updating plug_crypto (Hex package)
* Updating phoenix_template (Hex package)
* Updating phoenix_pubsub (Hex package)
* Updating websock_adapter (Hex package)
* Updating elixir_make (Hex package)
* Updating fine (Hex package)
* Updating thousand_island (Hex package)
