# native process exit code: 0
Resolving Hex dependencies...
Resolution completed in 0.126s
Unchanged:
  bandit 1.12.5
  bunt 1.0.0
  cc_precompiler 0.1.11
  credo 1.7.16
  date_time_parser 1.3.0
  db_connection 2.10.2
  decimal 3.1.1
  dialyxir 1.4.7
  ecto 3.13.6
  erlex 0.2.8
  file_system 1.1.1
  finch 0.21.0
  floki 0.38.0
  hpax 1.0.4
  jason 1.4.5
  kday 1.1.0
  lazy_html 0.1.13
  mime 2.0.7
  mint 1.10.2
  nimble_options 1.1.1
  nimble_pool 1.1.0
  phoenix 1.8.9
  phoenix_html 4.3.0
  phoenix_live_view 1.1.33
  plug 1.19.5
  postgrex 0.22.4
  req 0.6.3
  solid 1.3.4
  thousand_island 1.5.0
  websock 0.5.3
  yamerl 0.10.0
  yaml_elixir 2.12.0
Downgraded:
  elixir_make 0.10.0 => 0.9.0 (minor)
  fine 0.1.6 => 0.1.4
  phoenix_pubsub 2.3.0 => 2.2.0
  phoenix_template 1.1.0 => 1.0.4
  plug_crypto 2.2.0 => 2.1.1
  telemetry 1.4.2 => 1.3.0
  websock_adapter 0.6.0 => 0.5.9 (minor)
* Updating elixir_make (Hex package)
* Updating fine (Hex package)
* Updating phoenix_pubsub (Hex package)
* Updating phoenix_template (Hex package)
* Updating plug_crypto (Hex package)
* Updating telemetry (Hex package)
* Updating websock_adapter (Hex package)
