==> file_system
Compiling 7 files (.ex)
Generated file_system app
==> floki
Compiling 1 file (.xrl)
Compiling 2 files (.erl)
Compiling 30 files (.ex)
Generated floki app
==> mime
Compiling 1 file (.ex)
Generated mime app
==> nimble_options
Compiling 3 files (.ex)
Generated nimble_options app
==> fine
Compiling 1 file (.ex)
Generated fine app
==> bunt
Compiling 2 files (.ex)
Generated bunt app
==> plug_crypto
Compiling 5 files (.ex)
Generated plug_crypto app
==> kday
Compiling 1 file (.ex)
Generated kday app
==> hpax
Compiling 4 files (.ex)
Generated hpax app
==> mint
Compiling 1 file (.erl)
Compiling 20 files (.ex)
Generated mint app
==> symphony_elixir
===> Analyzing applications...
===> Compiling yamerl
==> date_time_parser
Compiling 15 files (.ex)
Compiling lib/combinators.ex (it's taking more than 10s)
Generated date_time_parser app
==> elixir_make
Compiling 8 files (.ex)
Generated elixir_make app
==> decimal
Compiling 4 files (.ex)
Generated decimal app
==> jason
Compiling 10 files (.ex)
Generated jason app
==> solid
Compiling 49 files (.ex)
Generated solid app
==> yaml_elixir
Compiling 6 files (.ex)
Generated yaml_elixir app
==> symphony_elixir
===> Analyzing applications...
===> Compiling telemetry
==> ecto
Compiling 56 files (.ex)
Generated ecto app
==> db_connection
Compiling 18 files (.ex)
Generated db_connection app
==> thousand_island
Compiling 18 files (.ex)
Generated thousand_island app
==> phoenix_html
Compiling 6 files (.ex)
Generated phoenix_html app
==> phoenix_template
Compiling 4 files (.ex)
Generated phoenix_template app
==> phoenix_pubsub
Compiling 12 files (.ex)
Generated phoenix_pubsub app
==> credo
Compiling 254 files (.ex)
Generated credo app
==> plug
Compiling 1 file (.erl)
Compiling 42 files (.ex)
Generated plug app
==> postgrex
Compiling 70 files (.ex)
Generated postgrex app
==> nimble_pool
Compiling 2 files (.ex)
Generated nimble_pool app
==> finch
Compiling 14 files (.ex)
Generated finch app
==> req
Compiling 19 files (.ex)
Generated req app
==> cc_precompiler
Compiling 3 files (.ex)
Generated cc_precompiler app
==> lazy_html
Compiling 3 files (.ex)
Generated lazy_html app
==> websock
Compiling 1 file (.ex)
Generated websock app
==> bandit
Compiling 54 files (.ex)
Generated bandit app
==> websock_adapter
Compiling 4 files (.ex)
Generated websock_adapter app
==> phoenix
Compiling 74 files (.ex)
Generated phoenix app
==> phoenix_live_view
Compiling 49 files (.ex)
Generated phoenix_live_view app
==> symphony_elixir
Compiling 1 file (.erl)
Compiling 83 files (.ex)
Generated symphony_elixir app
Running ExUnit with seed: 350817, max_cases: 40
Excluding tags: [:test]
Including tags: [location: {"test/symphony_elixir/core_test.exs", 1999}]



  1) test legacy retry capacity includes workers pending cleanup (SymphonyElixir.CoreTest)
     test/symphony_elixir/core_test.exs:1999
     same state pending cleanup
     code: for {name, global_limit, state_limit, running, pending_cleanup, expected} <- cases do
     stacktrace:
       test/symphony_elixir/core_test.exs:2028: anonymous fn/2 in SymphonyElixir.CoreTest."test legacy retry capacity includes workers pending cleanup"/1
       (elixir 1.19.5) lib/enum.ex:2520: Enum."-reduce/3-lists^foldl/2-0-"/3
       test/symphony_elixir/core_test.exs:2013: (test)


Finished in 1.3 seconds (0.00s async, 1.3s sync)
1 test, 1 failure (71 excluded)
